Archive member included to satisfy reference by file (symbol)

/opt/st/stm32cubeide_1.15.0/plugins/com.st.stm32cube.ide.mcu.externaltools.gnu-tools-for-stm32.12.3.rel1.linux64_1.0.100.202403111256/tools/bin/../lib/gcc/arm-none-eabi/12.3.1/../../../../arm-none-eabi/lib/thumb/v7e-m/nofp/libc_nano.a(libc_a-exit.o)
                              /opt/st/stm32cubeide_1.15.0/plugins/com.st.stm32cube.ide.mcu.externaltools.gnu-tools-for-stm32.12.3.rel1.linux64_1.0.100.202403111256/tools/bin/../lib/gcc/arm-none-eabi/12.3.1/../../../../arm-none-eabi/lib/thumb/v7e-m/nofp/crt0.o (exit)
/opt/st/stm32cubeide_1.15.0/plugins/com.st.stm32cube.ide.mcu.externaltools.gnu-tools-for-stm32.12.3.rel1.linux64_1.0.100.202403111256/tools/bin/../lib/gcc/arm-none-eabi/12.3.1/../../../../arm-none-eabi/lib/thumb/v7e-m/nofp/libc_nano.a(libc_a-findfp.o)
                              /opt/st/stm32cubeide_1.15.0/plugins/com.st.stm32cube.ide.mcu.externaltools.gnu-tools-for-stm32.12.3.rel1.linux64_1.0.100.202403111256/tools/bin/../lib/gcc/arm-none-eabi/12.3.1/../../../../arm-none-eabi/lib/thumb/v7e-m/nofp/libc_nano.a(libc_a-exit.o) (__stdio_exit_handler)
/opt/st/stm32cubeide_1.15.0/plugins/com.st.stm32cube.ide.mcu.externaltools.gnu-tools-for-stm32.12.3.rel1.linux64_1.0.100.202403111256/tools/bin/../lib/gcc/arm-none-eabi/12.3.1/../../../../arm-none-eabi/lib/thumb/v7e-m/nofp/libc_nano.a(libc_a-fwalk.o)
                              /opt/st/stm32cubeide_1.15.0/plugins/com.st.stm32cube.ide.mcu.externaltools.gnu-tools-for-stm32.12.3.rel1.linux64_1.0.100.202403111256/tools/bin/../lib/gcc/arm-none-eabi/12.3.1/../../../../arm-none-eabi/lib/thumb/v7e-m/nofp/libc_nano.a(libc_a-findfp.o) (_fwalk_sglue)
/opt/st/stm32cubeide_1.15.0/plugins/com.st.stm32cube.ide.mcu.externaltools.gnu-tools-for-stm32.12.3.rel1.linux64_1.0.100.202403111256/tools/bin/../lib/gcc/arm-none-eabi/12.3.1/../../../../arm-none-eabi/lib/thumb/v7e-m/nofp/libc_nano.a(libc_a-sscanf.o)
                              ./Src/main.o (sscanf)
/opt/st/stm32cubeide_1.15.0/plugins/com.st.stm32cube.ide.mcu.externaltools.gnu-tools-for-stm32.12.3.rel1.linux64_1.0.100.202403111256/tools/bin/../lib/gcc/arm-none-eabi/12.3.1/../../../../arm-none-eabi/lib/thumb/v7e-m/nofp/libc_nano.a(libc_a-stdio.o)
                              /opt/st/stm32cubeide_1.15.0/plugins/com.st.stm32cube.ide.mcu.externaltools.gnu-tools-for-stm32.12.3.rel1.linux64_1.0.100.202403111256/tools/bin/../lib/gcc/arm-none-eabi/12.3.1/../../../../arm-none-eabi/lib/thumb/v7e-m/nofp/libc_nano.a(libc_a-findfp.o) (__sread)
/opt/st/stm32cubeide_1.15.0/plugins/com.st.stm32cube.ide.mcu.externaltools.gnu-tools-for-stm32.12.3.rel1.linux64_1.0.100.202403111256/tools/bin/../lib/gcc/arm-none-eabi/12.3.1/../../../../arm-none-eabi/lib/thumb/v7e-m/nofp/libc_nano.a(libc_a-memset.o)
                              /opt/st/stm32cubeide_1.15.0/plugins/com.st.stm32cube.ide.mcu.externaltools.gnu-tools-for-stm32.12.3.rel1.linux64_1.0.100.202403111256/tools/bin/../lib/gcc/arm-none-eabi/12.3.1/../../../../arm-none-eabi/lib/thumb/v7e-m/nofp/crt0.o (memset)
/opt/st/stm32cubeide_1.15.0/plugins/com.st.stm32cube.ide.mcu.externaltools.gnu-tools-for-stm32.12.3.rel1.linux64_1.0.100.202403111256/tools/bin/../lib/gcc/arm-none-eabi/12.3.1/../../../../arm-none-eabi/lib/thumb/v7e-m/nofp/libc_nano.a(libc_a-closer.o)
                              /opt/st/stm32cubeide_1.15.0/plugins/com.st.stm32cube.ide.mcu.externaltools.gnu-tools-for-stm32.12.3.rel1.linux64_1.0.100.202403111256/tools/bin/../lib/gcc/arm-none-eabi/12.3.1/../../../../arm-none-eabi/lib/thumb/v7e-m/nofp/libc_nano.a(libc_a-stdio.o) (_close_r)
/opt/st/stm32cubeide_1.15.0/plugins/com.st.stm32cube.ide.mcu.externaltools.gnu-tools-for-stm32.12.3.rel1.linux64_1.0.100.202403111256/tools/bin/../lib/gcc/arm-none-eabi/12.3.1/../../../../arm-none-eabi/lib/thumb/v7e-m/nofp/libc_nano.a(libc_a-reent.o)
                              /opt/st/stm32cubeide_1.15.0/plugins/com.st.stm32cube.ide.mcu.externaltools.gnu-tools-for-stm32.12.3.rel1.linux64_1.0.100.202403111256/tools/bin/../lib/gcc/arm-none-eabi/12.3.1/../../../../arm-none-eabi/lib/thumb/v7e-m/nofp/libc_nano.a(libc_a-closer.o) (errno)
/opt/st/stm32cubeide_1.15.0/plugins/com.st.stm32cube.ide.mcu.externaltools.gnu-tools-for-stm32.12.3.rel1.linux64_1.0.100.202403111256/tools/bin/../lib/gcc/arm-none-eabi/12.3.1/../../../../arm-none-eabi/lib/thumb/v7e-m/nofp/libc_nano.a(libc_a-impure.o)
                              /opt/st/stm32cubeide_1.15.0/plugins/com.st.stm32cube.ide.mcu.externaltools.gnu-tools-for-stm32.12.3.rel1.linux64_1.0.100.202403111256/tools/bin/../lib/gcc/arm-none-eabi/12.3.1/../../../../arm-none-eabi/lib/thumb/v7e-m/nofp/libc_nano.a(libc_a-sscanf.o) (_impure_ptr)
/opt/st/stm32cubeide_1.15.0/plugins/com.st.stm32cube.ide.mcu.externaltools.gnu-tools-for-stm32.12.3.rel1.linux64_1.0.100.202403111256/tools/bin/../lib/gcc/arm-none-eabi/12.3.1/../../../../arm-none-eabi/lib/thumb/v7e-m/nofp/libc_nano.a(libc_a-lseekr.o)
[...]
Memory Configuration

Name             Origin             Length             Attributes
CCMRAM           0x10000000         0x00010000         xrw
RAM              0x20000000         0x00020000         xrw
FLASH            0x08000000         0x00100000         xr
*default*        0x00000000         0xffffffff

Linker script and memory map

LOAD /opt/st/stm32cubeide_1.15.0/plugins/com.st.stm32cube.ide.mcu.externaltools.gnu-tools-for-stm32.12.3.rel1.linux64_1.0.100.202403111256/tools/bin/../lib/gcc/arm-none-eabi/12.3.1/thumb/v7e-m/nofp/crti.o
LOAD /opt/st/stm32cubeide_1.15.0/plugins/com.st.stm32cube.ide.mcu.externaltools.gnu-tools-for-stm32.12.3.rel1.linux64_1.0.100.202403111256/tools/bin/../lib/gcc/arm-none-eabi/12.3.1/thumb/v7e-m/nofp/crtbegin.o
LOAD /opt/st/stm32cubeide_1.15.0/plugins/com.st.stm32cube.ide.mcu.externaltools.gnu-tools-for-stm32.12.3.rel1.linux64_1.0.100.202403111256/tools/bin/../lib/gcc/arm-none-eabi/12.3.1/../../../../arm-none-eabi/lib/thumb/v7e-m/nofp/crt0.o
LOAD ./Src/eeprom.o
LOAD ./Src/i2c.o
LOAD ./Src/itm.o
LOAD ./Src/main.o
LOAD ./Src/syscalls.o
LOAD ./Src/sysmem.o
LOAD ./Src/system_stm32f4xx.o
LOAD ./Src/uart.o
LOAD ./Startup/startup_stm32f407vgtx.o
START GROUP
LOAD /opt/st/stm32cubeide_1.15.0/plugins/com.st.stm32cube.ide.mcu.externaltools.gnu-tools-for-stm32.12.3.rel1.linux64_1.0.100.202403111256/tools/bin/../lib/gcc/arm-none-eabi/12.3.1/../../../../arm-none-eabi/lib/thumb/v7e-m/nofp/libc_nano.a
LOAD /opt/st/stm32cubeide_1.15.0/plugins/com.st.stm32cube.ide.mcu.externaltools.gnu-tools-for-stm32.12.3.rel1.linux64_1.0.100.202403111256/tools/bin/../lib/gcc/arm-none-eabi/12.3.1/../../../../arm-none-eabi/lib/thumb/v7e-m/nofp/libm.a
END GROUP
START GROUP
LOAD /opt/st/stm32cubeide_1.15.0/plugins/com.st.stm32cube.ide.mcu.externaltools.gnu-tools-for-stm32.12.3.rel1.linux64_1.0.100.202403111256/tools/bin/../lib/gcc/arm-none-eabi/12.3.1/thumb/v7e-m/nofp/libgcc.a
LOAD /opt/st/stm32cubeide_1.15.0/plugins/com.st.stm32cube.ide.mcu.externaltools.gnu-tools-for-stm32.12.3.rel1.linux64_1.0.100.202403111256/tools/bin/../lib/gcc/arm-none-eabi/12.3.1/../../../../arm-none-eabi/lib/thumb/v7e-m/nofp/libc_nano.a
END GROUP
START GROUP
LOAD /opt/st/stm32cubeide_1.15.0/plugins/com.st.stm32cube.ide.mcu.externaltools.gnu-tools-for-stm32.12.3.rel1.linux64_1.0.100.202403111256/tools/bin/../lib/gcc/arm-none-eabi/12.3.1/thumb/v7e-m/nofp/libgcc.a
LOAD /opt/st/stm32cubeide_1.15.0/plugins/com.st.stm32cube.ide.mcu.externaltools.gnu-tools-for-stm32.12.3.rel1.linux64_1.0.100.202403111256/tools/bin/../lib/gcc/arm-none-eabi/12.3.1/../../../../arm-none-eabi/lib/thumb/v7e-m/nofp/libc_nano.a
LOAD /opt/st/stm32cubeide_1.15.0/plugins/com.st.stm32cube.ide.mcu.externaltools.gnu-tools-for-stm32.12.3.rel1.linux64_1.0.100.202403111256/tools/bin/../lib/gcc/arm-none-eabi/12.3.1/../../../../arm-none-eabi/lib/thumb/v7e-m/nofp/libnosys.a
END GROUP
START GROUP
LOAD /opt/st/stm32cubeide_1.15.0/plugins/com.st.stm32cube.ide.mcu.externaltools.gnu-tools-for-stm32.12.3.rel1.linux64_1.0.100.202403111256/tools/bin/../lib/gcc/arm-none-eabi/12.3.1/thumb/v7e-m/nofp/libgcc.a
LOAD /opt/st/stm32cubeide_1.15.0/plugins/com.st.stm32cube.ide.mcu.externaltools.gnu-tools-for-stm32.12.3.rel1.linux64_1.0.100.202403111256/tools/bin/../lib/gcc/arm-none-eabi/12.3.1/../../../../arm-none-eabi/lib/thumb/v7e-m/nofp/libc_nano.a
LOAD /opt/st/stm32cubeide_1.15.0/plugins/com.st.stm32cube.ide.mcu.externaltools.gnu-tools-for-stm32.12.3.rel1.linux64_1.0.100.202403111256/tools/bin/../lib/gcc/arm-none-eabi/12.3.1/../../../../arm-none-eabi/lib/thumb/v7e-m/nofp/libnosys.a
END GROUP
LOAD /opt/st/stm32cubeide_1.15.0/plugins/com.st.stm32cube.ide.mcu.externaltools.gnu-tools-for-stm32.12.3.rel1.linux64_1.0.100.202403111256/tools/bin/../lib/gcc/arm-none-eabi/12.3.1/thumb/v7e-m/nofp/crtend.o
LOAD /opt/st/stm32cubeide_1.15.0/plugins/com.st.stm32cube.ide.mcu.externaltools.gnu-tools-for-stm32.12.3.rel1.linux64_1.0.100.202403111256/tools/bin/../lib/gcc/arm-none-eabi/12.3.1/thumb/v7e-m/nofp/crtn.o
                0x20020000                        _estack = (ORIGIN (RAM) + LENGTH (RAM))
                0x00000200                        _Min_Heap_Size = 0x200
                0x00000400                        _Min_Stack_Size = 0x400

.isr_vector     0x08000000      0x188
                0x08000000                        . = ALIGN (0x4)
 *(.isr_vector)
 .isr_vector    0x08000000      0x188 ./Startup/startup_stm32f407vgtx.o
                0x08000000                g_pfnVectors
                0x08000188                        . = ALIGN (0x4)

.text           0x08000190     0x14f8
                0x08000190                        . = ALIGN (0x4)
 *(.text)
 .text          0x08000190       0x40 /opt/st/stm32cubeide_1.15.0/plugins/com.st.stm32cube.ide.mcu.externaltools.gnu-tools-for-stm32.12.3.rel1.linux64_1.0.100.202403111256/tools/bin/../lib/gcc/arm-none-eabi/12.3.1/thumb/v7e-m/nofp/crtbegin.o
 .text          0x080001d0       0x10 /opt/st/stm32cubeide_1.15.0/plugins/com.st.stm32cube.ide.mcu.externaltools.gnu-tools-for-stm32.12.3.rel1.linux64_1.0.100.202403111256/tools/bin/../lib/gcc/arm-none-eabi/12.3.1/../../../../arm-none-eabi/lib/thumb/v7e-m/nofp/libc_nano.a(libc_a-strlen.o)
                0x080001d0                strlen
 .text          0x080001e0       0xa0 /opt/st/stm32cubeide_1.15.0/plugins/com.st.stm32cube.ide.mcu.externaltools.gnu-tools-for-stm32.12.3.rel1.linux64_1.0.100.202403111256/tools/bin/../lib/gcc/arm-none-eabi/12.3.1/../../../../arm-none-eabi/lib/thumb/v7e-m/nofp/libc_nano.a(libc_a-memchr.o)
                0x080001e0                memchr
 *(.text*)
 .text.EEPROM_Init
                0x08000280       0x22 ./Src/eeprom.o
                0x08000280                EEPROM_Init
 .text.EEPROM_Write
                0x080002a2       0x64 ./Src/eeprom.o
                0x080002a2                EEPROM_Write
 .text.EEPROM_Read
                0x08000306       0x7e ./Src/eeprom.o
                0x08000306                EEPROM_Read
 .text.DelayMs  0x08000384       0x50 ./Src/i2c.o
 .text.I2CStart
                0x080003d4       0x2c ./Src/i2c.o
                0x080003d4                I2CStart
 .text.I2CRepeatStart
                0x08000400        0xc ./Src/i2c.o
                0x08000400                I2CRepeatStart
 .text.I2CStop  0x0800040c       0x2c ./Src/i2c.o
                0x0800040c                I2CStop
 .text.I2CSendSlaveAddress
                0x08000438       0x34 ./Src/i2c.o
                0x08000438                I2CSendSlaveAddress
 .text.I2CSendData
                0x0800046c       0x3c ./Src/i2c.o
                0x0800046c                I2CSendData
 .text.I2CRecvDataAck
                0x080004a8       0x38 ./Src/i2c.o
                0x080004a8                I2CRecvDataAck
 .text.I2CRecvDataNAck
                0x080004e0       0x38 ./Src/i2c.o
                0x080004e0                I2CRecvDataNAck
 .text.I2CIsDeviceReady
                0x08000518       0x3c ./Src/i2c.o
                0x08000518                I2CIsDeviceReady
 .text.I2CInit  0x08000554      0x120 ./Src/i2c.o
                0x08000554                I2CInit
 .text.main     0x08000674       0xdc ./Src/main.o
                0x08000674                main
 .text._sbrk    0x08000750       0x6c ./Src/sysmem.o
                0x08000750                _sbrk
 .text.SystemInit
                0x080007bc        0xc ./Src/system_stm32f4xx.o
                0x080007bc                SystemInit
 .text.DWT_Init
                0x080007c8       0x60 ./Src/system_stm32f4xx.o
                0x080007c8                DWT_Init
 .text.UartInit
                0x08000828       0xdc ./Src/uart.o
                0x08000828                UartInit
 .text.UartPutch
                0x08000904       0x2c ./Src/uart.o
                0x08000904                UartPutch
 .text.UartGetch
                0x08000930       0x2c ./Src/uart.o
                0x08000930                UartGetch
 .text.UartPuts
                0x0800095c       0x38 ./Src/uart.o
                0x0800095c                UartPuts
 .text.UartGets
                0x08000994       0x4c ./Src/uart.o
                0x08000994                UartGets
 .text.Reset_Handler
                0x080009e0       0x50 ./Startup/startup_stm32f407vgtx.o
                0x080009e0                Reset_Handler
 .text.Default_Handler
                0x08000a30        0x2 ./Startup/startup_stm32f407vgtx.o
                0x08000a30                RTC_Alarm_IRQHandler
                0x08000a30                HASH_RNG_IRQHandler
                0x08000a30                EXTI2_IRQHandler
                0x08000a30                TIM8_CC_IRQHandler
                0x08000a30                DebugMon_Handler
                0x08000a30                TIM1_CC_IRQHandler
                0x08000a30                DMA2_Stream5_IRQHandler
                0x08000a30                HardFault_Handler
                0x08000a30                DMA1_Stream5_IRQHandler
                0x08000a30                SysTick_Handler
                0x08000a30                PVD_IRQHandler
                0x08000a30                SDIO_IRQHandler
                0x08000a30                TAMP_STAMP_IRQHandler
                0x08000a30                PendSV_Handler
                0x08000a30                NMI_Handler
                0x08000a30                CAN2_RX1_IRQHandler
                0x08000a30                EXTI3_IRQHandler
                0x08000a30                TIM8_TRG_COM_TIM14_IRQHandler
                0x08000a30                TIM1_UP_TIM10_IRQHandler
                0x08000a30                TIM8_UP_TIM13_IRQHandler
                0x08000a30                I2C3_ER_IRQHandler
                0x08000a30                EXTI0_IRQHandler
                0x08000a30                I2C2_EV_IRQHandler
                0x08000a30                DMA1_Stream2_IRQHandler
                0x08000a30                CAN1_RX0_IRQHandler
                0x08000a30                FPU_IRQHandler
                0x08000a30                OTG_HS_WKUP_IRQHandler
                0x08000a30                UsageFault_Handler
                0x08000a30                CAN2_SCE_IRQHandler
                0x08000a30                DMA2_Stream2_IRQHandler
                0x08000a30                SPI1_IRQHandler
                0x08000a30                TIM6_DAC_IRQHandler
                0x08000a30                TIM1_BRK_TIM9_IRQHandler
                0x08000a30                DCMI_IRQHandler
                0x08000a30                CAN2_RX0_IRQHandler
                0x08000a30                DMA2_Stream3_IRQHandler
                0x08000a30                USART6_IRQHandler
                0x08000a30                USART3_IRQHandler
                0x08000a30                CRYP_IRQHandler
                0x08000a30                CAN1_RX1_IRQHandler
                0x08000a30                UART5_IRQHandler
                0x08000a30                DMA2_Stream0_IRQHandler
                0x08000a30                TIM4_IRQHandler
                0x08000a30                I2C1_EV_IRQHandler
                0x08000a30                DMA1_Stream6_IRQHandler
                0x08000a30                DMA1_Stream1_IRQHandler
                0x08000a30                UART4_IRQHandler
                0x08000a30                TIM3_IRQHandler
                0x08000a30                RCC_IRQHandler
                0x08000a30                TIM8_BRK_TIM12_IRQHandler
                0x08000a30                Default_Handler
                0x08000a30                EXTI15_10_IRQHandler
                0x08000a30                ADC_IRQHandler
                0x08000a30                DMA1_Stream7_IRQHandler
                0x08000a30                TIM7_IRQHandler
                0x08000a30                CAN2_TX_IRQHandler
                0x08000a30                TIM5_IRQHandler
                0x08000a30                DMA2_Stream7_IRQHandler
                0x08000a30                I2C3_EV_IRQHandler
                0x08000a30                EXTI9_5_IRQHandler
                0x08000a30                RTC_WKUP_IRQHandler
                0x08000a30                ETH_WKUP_IRQHandler
                0x08000a30                SPI2_IRQHandler
                0x08000a30                OTG_HS_EP1_IN_IRQHandler
                0x08000a30                MemManage_Handler
                0x08000a30                DMA1_Stream0_IRQHandler
                0x08000a30                CAN1_TX_IRQHandler
                0x08000a30                SVC_Handler
                0x08000a30                EXTI4_IRQHandler
                0x08000a30                FSMC_IRQHandler
                0x08000a30                ETH_IRQHandler
                0x08000a30                OTG_HS_EP1_OUT_IRQHandler
                0x08000a30                WWDG_IRQHandler
                0x08000a30                TIM2_IRQHandler
                0x08000a30                OTG_FS_WKUP_IRQHandler
                0x08000a30                TIM1_TRG_COM_TIM11_IRQHandler
                0x08000a30                OTG_HS_IRQHandler
                0x08000a30                EXTI1_IRQHandler
                0x08000a30                USART2_IRQHandler
                0x08000a30                I2C2_ER_IRQHandler
                0x08000a30                DMA2_Stream1_IRQHandler
                0x08000a30                CAN1_SCE_IRQHandler
                0x08000a30                DMA2_Stream4_IRQHandler
                0x08000a30                BusFault_Handler
                0x08000a30                USART1_IRQHandler
                0x08000a30                OTG_FS_IRQHandler
                0x08000a30                SPI3_IRQHandler
                0x08000a30                DMA1_Stream4_IRQHandler
                0x08000a30                I2C1_ER_IRQHandler
                0x08000a30                DMA2_Stream6_IRQHandler
                0x08000a30                DMA1_Stream3_IRQHandler
 *fill*         0x08000a32        0x2 
 .text.sscanf   0x08000a34       0x54 /opt/st/stm32cubeide_1.15.0/plugins/com.st.stm32cube.ide.mcu.externaltools.gnu-tools-for-stm32.12.3.rel1.linux64_1.0.100.202403111256/tools/bin/../lib/gcc/arm-none-eabi/12.3.1/../../../../arm-none-eabi/lib/thumb/v7e-m/nofp/libc_nano.a(libc_a-sscanf.o)
                0x08000a34                sscanf
                0x08000a34                siscanf
 .text.__seofread
                0x08000a88        0x4 /opt/st/stm32cubeide_1.15.0/plugins/com.st.stm32cube.ide.mcu.externaltools.gnu-tools-for-stm32.12.3.rel1.linux64_1.0.100.202403111256/tools/bin/../lib/gcc/arm-none-eabi/12.3.1/../../../../arm-none-eabi/lib/thumb/v7e-m/nofp/libc_nano.a(libc_a-stdio.o)
                0x08000a88                __seofread
 .text.__errno  0x08000a8c        0xc /opt/st/stm32cubeide_1.15.0/plugins/com.st.stm32cube.ide.mcu.externaltools.gnu-tools-for-stm32.12.3.rel1.linux64_1.0.100.202403111256/tools/bin/../lib/gcc/arm-none-eabi/12.3.1/../../../../arm-none-eabi/lib/thumb/v7e-m/nofp/libc_nano.a(libc_a-errno.o)
                0x08000a8c                __errno
 .text.__libc_init_array
                0x08000a98       0x48 /opt/st/stm32cubeide_1.15.0/plugins/com.st.stm32cube.ide.mcu.externaltools.gnu-tools-for-stm32.12.3.rel1.linux64_1.0.100.202403111256/tools/bin/../lib/gcc/arm-none-eabi/12.3.1/../../../../arm-none-eabi/lib/thumb/v7e-m/nofp/libc_nano.a(libc_a-init.o)
                0x08000a98                __libc_init_array
 .text.__retarget_lock_acquire_recursive
                0x08000ae0        0x2 /opt/st/stm32cubeide_1.15.0/plugins/com.st.stm32cube.ide.mcu.externaltools.gnu-tools-for-stm32.12.3.rel1.linux64_1.0.100.202403111256/tools/bin/../lib/gcc/arm-none-eabi/12.3.1/../../../../arm-none-eabi/lib/thumb/v7e-m/nofp/libc_nano.a(libc_a-lock.o)
                0x08000ae0                __retarget_lock_acquire_recursive
 .text.__retarget_lock_release_recursive
                0x08000ae2        0x2 /opt/st/stm32cubeide_1.15.0/plugins/com.st.stm32cube.ide.mcu.externaltools.gnu-tools-for-stm32.12.3.rel1.linux64_1.0.100.202403111256/tools/bin/../lib/gcc/arm-none-eabi/12.3.1/../../../../arm-none-eabi/lib/thumb/v7e-m/nofp/libc_nano.a(libc_a-lock.o)
                0x08000ae2                __retarget_lock_release_recursive
 .text._free_r  0x08000ae4       0x94 /opt/st/stm32cubeide_1.15.0/plugins/com.st.stm32cube.ide.mcu.externaltools.gnu-tools-for-stm32.12.3.rel1.linux64_1.0.100.202403111256/tools/bin/../lib/gcc/arm-none-eabi/12.3.1/../../../../arm-none-eabi/lib/thumb/v7e-m/nofp/libc_nano.a(libc_a-freer.o)
                0x08000ae4                _free_r
 .text.sbrk_aligned
                0x08000b78       0x44 /opt/st/stm32cubeide_1.15.0/plugins/com.st.stm32cube.ide.mcu.externaltools.gnu-tools-for-stm32.12.3.rel1.linux64_1.0.100.202403111256/tools/bin/../lib/gcc/arm-none-eabi/12.3.1/../../../../arm-none-eabi/lib/thumb/v7e-m/nofp/libc_nano.a(libc_a-mallocr.o)
 .text._malloc_r
                0x08000bbc      0x100 /opt/st/stm32cubeide_1.15.0/plugins/com.st.stm32cube.ide.mcu.externaltools.gnu-tools-for-stm32.12.3.rel1.linux64_1.0.100.202403111256/tools/bin/../lib/gcc/arm-none-eabi/12.3.1/../../../../arm-none-eabi/lib/thumb/v7e-m/nofp/libc_nano.a(libc_a-mallocr.o)
                0x08000bbc                _malloc_r
 .text.__malloc_lock
                0x08000cbc        0xc /opt/st/stm32cubeide_1.15.0/plugins/com.st.stm32cube.ide.mcu.externaltools.gnu-tools-for-stm32.12.3.rel1.linux64_1.0.100.202403111256/tools/bin/../lib/gcc/arm-none-eabi/12.3.1/../../../../arm-none-eabi/lib/thumb/v7e-m/nofp/libc_nano.a(libc_a-mlock.o)
                0x08000cbc                __malloc_lock
 .text.__malloc_unlock
                0x08000cc8        0xc /opt/st/stm32cubeide_1.15.0/plugins/com.st.stm32cube.ide.mcu.externaltools.gnu-tools-for-stm32.12.3.rel1.linux64_1.0.100.202403111256/tools/bin/../lib/gcc/arm-none-eabi/12.3.1/../../../../arm-none-eabi/lib/thumb/v7e-m/nofp/libc_nano.a(libc_a-mlock.o)
                0x08000cc8                __malloc_unlock
 .text._sungetc_r
                0x08000cd4       0x76 /opt/st/stm32cubeide_1.15.0/plugins/com.st.stm32cube.ide.mcu.externaltools.gnu-tools-for-stm32.12.3.rel1.linux64_1.0.100.202403111256/tools/bin/../lib/gcc/arm-none-eabi/12.3.1/../../../../arm-none-eabi/lib/thumb/v7e-m/nofp/libc_nano.a(libc_a-nano-svfscanf.o)
                0x08000cd4                _sungetc_r
 .text.__ssrefill_r
                0x08000d4a       0x3a /opt/st/stm32cubeide_1.15.0/plugins/com.st.stm32cube.ide.mcu.externaltools.gnu-tools-for-stm32.12.3.rel1.linux64_1.0.100.202403111256/tools/bin/../lib/gcc/arm-none-eabi/12.3.1/../../../../arm-none-eabi/lib/thumb/v7e-m/nofp/libc_nano.a(libc_a-nano-svfscanf.o)
                0x08000d4a                __ssrefill_r
 .text.__ssvfscanf_r
                0x08000d84      0x2e8 /opt/st/stm32cubeide_1.15.0/plugins/com.st.stm32cube.ide.mcu.externaltools.gnu-tools-for-stm32.12.3.rel1.linux64_1.0.100.202403111256/tools/bin/../lib/gcc/arm-none-eabi/12.3.1/../../../../arm-none-eabi/lib/thumb/v7e-m/nofp/libc_nano.a(libc_a-nano-svfscanf.o)
                0x08000d84                __ssvfscanf_r
                0x08000d84                __ssvfiscanf_r
 .text._scanf_chars
                0x0800106c       0xb4 /opt/st/stm32cubeide_1.15.0/plugins/com.st.stm32cube.ide.mcu.externaltools.gnu-tools-for-stm32.12.3.rel1.linux64_1.0.100.202403111256/tools/bin/../lib/gcc/arm-none-eabi/12.3.1/../../../../arm-none-eabi/lib/thumb/v7e-m/nofp/libc_nano.a(libc_a-nano-vfscanf_i.o)
                0x0800106c                _scanf_chars
 .text._scanf_i
                0x08001120      0x1e8 /opt/st/stm32cubeide_1.15.0/plugins/com.st.stm32cube.ide.mcu.externaltools.gnu-tools-for-stm32.12.3.rel1.linux64_1.0.100.202403111256/tools/bin/../lib/gcc/arm-none-eabi/12.3.1/../../../../arm-none-eabi/lib/thumb/v7e-m/nofp/libc_nano.a(libc_a-nano-vfscanf_i.o)
                0x08001120                _scanf_i
 .text.__sccl   0x08001308       0x72 /opt/st/stm32cubeide_1.15.0/plugins/com.st.stm32cube.ide.mcu.externaltools.gnu-tools-for-stm32.12.3.rel1.linux64_1.0.100.202403111256/tools/bin/../lib/gcc/arm-none-eabi/12.3.1/../../../../arm-none-eabi/lib/thumb/v7e-m/nofp/libc_nano.a(libc_a-sccl.o)
                0x08001308                __sccl
 .text.__submore
                0x0800137a       0x74 /opt/st/stm32cubeide_1.15.0/plugins/com.st.stm32cube.ide.mcu.externaltools.gnu-tools-for-stm32.12.3.rel1.linux64_1.0.100.202403111256/tools/bin/../lib/gcc/arm-none-eabi/12.3.1/../../../../arm-none-eabi/lib/thumb/v7e-m/nofp/libc_nano.a(libc_a-ungetc.o)
                0x0800137a                __submore
 *fill*         0x080013ee        0x2 
 .text._sbrk_r  0x080013f0       0x20 /opt/st/stm32cubeide_1.15.0/plugins/com.st.stm32cube.ide.mcu.externaltools.gnu-tools-for-stm32.12.3.rel1.linux64_1.0.100.202403111256/tools/bin/../lib/gcc/arm-none-eabi/12.3.1/../../../../arm-none-eabi/lib/thumb/v7e-m/nofp/libc_nano.a(libc_a-sbrkr.o)
                0x080013f0                _sbrk_r
 .text.memcpy   0x08001410       0x1c /opt/st/stm32cubeide_1.15.0/plugins/com.st.stm32cube.ide.mcu.externaltools.gnu-tools-for-stm32.12.3.rel1.linux64_1.0.100.202403111256/tools/bin/../lib/gcc/arm-none-eabi/12.3.1/../../../../arm-none-eabi/lib/thumb/v7e-m/nofp/libc_nano.a(libc_a-memcpy-stub.o)
                0x08001410                memcpy
 .text._realloc_r
                0x0800142c       0x5c /opt/st/stm32cubeide_1.15.0/plugins/com.st.stm32cube.ide.mcu.externaltools.gnu-tools-for-stm32.12.3.rel1.linux64_1.0.100.202403111256/tools/bin/../lib/gcc/arm-none-eabi/12.3.1/../../../../arm-none-eabi/lib/thumb/v7e-m/nofp/libc_nano.a(libc_a-reallocr.o)
                0x0800142c                _realloc_r
 .text._strtol_l.constprop.0
                0x08001488       0xf4 /opt/st/stm32cubeide_1.15.0/plugins/com.st.stm32cube.ide.mcu.externaltools.gnu-tools-for-stm32.12.3.rel1.linux64_1.0.100.202403111256/tools/bin/../lib/gcc/arm-none-eabi/12.3.1/../../../../arm-none-eabi/lib/thumb/v7e-m/nofp/libc_nano.a(libc_a-strtol.o)
 .text._strtol_r
                0x0800157c        0x4 /opt/st/stm32cubeide_1.15.0/plugins/com.st.stm32cube.ide.mcu.externaltools.gnu-tools-for-stm32.12.3.rel1.linux64_1.0.100.202403111256/tools/bin/../lib/gcc/arm-none-eabi/12.3.1/../../../../arm-none-eabi/lib/thumb/v7e-m/nofp/libc_nano.a(libc_a-strtol.o)
                0x0800157c                _strtol_r
 .text._strtoul_l.constprop.0
                0x08001580       0xdc /opt/st/stm32cubeide_1.15.0/plugins/com.st.stm32cube.ide.mcu.externaltools.gnu-tools-for-stm32.12.3.rel1.linux64_1.0.100.202403111256/tools/bin/../lib/gcc/arm-none-eabi/12.3.1/../../../../arm-none-eabi/lib/thumb/v7e-m/nofp/libc_nano.a(libc_a-strtoul.o)
 .text._strtoul_r
                0x0800165c        0x4 /opt/st/stm32cubeide_1.15.0/plugins/com.st.stm32cube.ide.mcu.externaltools.gnu-tools-for-stm32.12.3.rel1.linux64_1.0.100.202403111256/tools/bin/../lib/gcc/arm-none-eabi/12.3.1/../../../../arm-none-eabi/lib/thumb/v7e-m/nofp/libc_nano.a(libc_a-strtoul.o)
                0x0800165c                _strtoul_r
 .text._malloc_usable_size_r
                0x08001660       0x10 /opt/st/stm32cubeide_1.15.0/plugins/com.st.stm32cube.ide.mcu.externaltools.gnu-tools-for-stm32.12.3.rel1.linux64_1.0.100.202403111256/tools/bin/../lib/gcc/arm-none-eabi/12.3.1/../../../../arm-none-eabi/lib/thumb/v7e-m/nofp/libc_nano.a(libc_a-msizer.o)
                0x08001660                _malloc_usable_size_r
 *(.glue_7)
 .glue_7        0x08001670        0x0 linker stubs
 *(.glue_7t)
 .glue_7t       0x08001670        0x0 linker stubs
 *(.eh_frame)
 .eh_frame      0x08001670        0x0 /opt/st/stm32cubeide_1.15.0/plugins/com.st.stm32cube.ide.mcu.externaltools.gnu-tools-for-stm32.12.3.rel1.linux64_1.0.100.202403111256/tools/bin/../lib/gcc/arm-none-eabi/12.3.1/thumb/v7e-m/nofp/crtbegin.o
 *(.init)
 .init          0x08001670        0x4 /opt/st/stm32cubeide_1.15.0/plugins/com.st.stm32cube.ide.mcu.externaltools.gnu-tools-for-stm32.12.3.rel1.linux64_1.0.100.202403111256/tools/bin/../lib/gcc/arm-none-eabi/12.3.1/thumb/v7e-m/nofp/crti.o
                0x08001670                _init
 .init          0x08001674        0x8 /opt/st/stm32cubeide_1.15.0/plugins/com.st.stm32cube.ide.mcu.externaltools.gnu-tools-for-stm32.12.3.rel1.linux64_1.0.100.202403111256/tools/bin/../lib/gcc/arm-none-eabi/12.3.1/thumb/v7e-m/nofp/crtn.o
 *(.fini)
 .fini          0x0800167c        0x4 /opt/st/stm32cubeide_1.15.0/plugins/com.st.stm32cube.ide.mcu.externaltools.gnu-tools-for-stm32.12.3.rel1.linux64_1.0.100.202403111256/tools/bin/../lib/gcc/arm-none-eabi/12.3.1/thumb/v7e-m/nofp/crti.o
                0x0800167c                _fini
 .fini          0x08001680        0x8 /opt/st/stm32cubeide_1.15.0/plugins/com.st.stm32cube.ide.mcu.externaltools.gnu-tools-for-stm32.12.3.rel1.linux64_1.0.100.202403111256/tools/bin/../lib/gcc/arm-none-eabi/12.3.1/thumb/v7e-m/nofp/crtn.o
                0x08001688                        . = ALIGN (0x4)
                0x08001688                        _etext = .

.vfp11_veneer   0x08001688        0x0
 .vfp11_veneer  0x08001688        0x0 linker stubs

.v4_bx          0x08001688        0x0
 .v4_bx         0x08001688        0x0 linker stubs

.iplt           0x08001688        0x0
 .iplt          0x08001688        0x0 /opt/st/stm32cubeide_1.15.0/plugins/com.st.stm32cube.ide.mcu.externaltools.gnu-tools-for-stm32.12.3.rel1.linux64_1.0.100.202403111256/tools/bin/../lib/gcc/arm-none-eabi/12.3.1/thumb/v7e-m/nofp/crtbegin.o

.rodata         0x08001688      0x1d4
                0x08001688                        . = ALIGN (0x4)
 *(.rodata)
 .rodata        0x08001688       0xa6 ./Src/main.o
 *fill*         0x0800172e        0x2 
 .rodata        0x08001730        0xc /opt/st/stm32cubeide_1.15.0/plugins/com.st.stm32cube.ide.mcu.externaltools.gnu-tools-for-stm32.12.3.rel1.linux64_1.0.100.202403111256/tools/bin/../lib/gcc/arm-none-eabi/12.3.1/../../../../arm-none-eabi/lib/thumb/v7e-m/nofp/libc_nano.a(libc_a-nano-vfscanf_i.o)
 *(.rodata*)
 .rodata.__ssvfscanf_r.str1.1
                0x0800173c        0x4 /opt/st/stm32cubeide_1.15.0/plugins/com.st.stm32cube.ide.mcu.externaltools.gnu-tools-for-stm32.12.3.rel1.linux64_1.0.100.202403111256/tools/bin/../lib/gcc/arm-none-eabi/12.3.1/../../../../arm-none-eabi/lib/thumb/v7e-m/nofp/libc_nano.a(libc_a-nano-svfscanf.o)
 .rodata._scanf_i.str1.1
                0x08001740       0x12 /opt/st/stm32cubeide_1.15.0/plugins/com.st.stm32cube.ide.mcu.externaltools.gnu-tools-for-stm32.12.3.rel1.linux64_1.0.100.202403111256/tools/bin/../lib/gcc/arm-none-eabi/12.3.1/../../../../arm-none-eabi/lib/thumb/v7e-m/nofp/libc_nano.a(libc_a-nano-vfscanf_i.o)
 .rodata.str1.1
                0x08001752        0x9 /opt/st/stm32cubeide_1.15.0/plugins/com.st.stm32cube.ide.mcu.externaltools.gnu-tools-for-stm32.12.3.rel1.linux64_1.0.100.202403111256/tools/bin/../lib/gcc/arm-none-eabi/12.3.1/../../../../arm-none-eabi/lib/thumb/v7e-m/nofp/libc_nano.a(libc_a-nano-vfscanf_i.o)
 .rodata._ctype_
                0x0800175b      0x101 /opt/st/stm32cubeide_1.15.0/plugins/com.st.stm32cube.ide.mcu.externaltools.gnu-tools-for-stm32.12.3.rel1.linux64_1.0.100.202403111256/tools/bin/../lib/gcc/arm-none-eabi/12.3.1/../../../../arm-none-eabi/lib/thumb/v7e-m/nofp/libc_nano.a(libc_a-ctype_.o)
                0x0800175b                _ctype_
                0x0800185c                        . = ALIGN (0x4)

.ARM.extab      0x0800185c        0x0
                0x0800185c                        . = ALIGN (0x4)
 *(.ARM.extab* .gnu.linkonce.armextab.*)
                0x0800185c                        . = ALIGN (0x4)

.ARM            0x0800185c        0x8
                0x0800185c                        . = ALIGN (0x4)
                0x0800185c                        __exidx_start = .
 *(.ARM.exidx*)
 .ARM.exidx     0x0800185c        0x8 /opt/st/stm32cubeide_1.15.0/plugins/com.st.stm32cube.ide.mcu.externaltools.gnu-tools-for-stm32.12.3.rel1.linux64_1.0.100.202403111256/tools/bin/../lib/gcc/arm-none-eabi/12.3.1/../../../../arm-none-eabi/lib/thumb/v7e-m/nofp/libc_nano.a(libc_a-strlen.o)
 .ARM.exidx     0x08001864        0x0 /opt/st/stm32cubeide_1.15.0/plugins/com.st.stm32cube.ide.mcu.externaltools.gnu-tools-for-stm32.12.3.rel1.linux64_1.0.100.202403111256/tools/bin/../lib/gcc/arm-none-eabi/12.3.1/../../../../arm-none-eabi/lib/thumb/v7e-m/nofp/libc_nano.a(libc_a-memchr.o)
                                  0x8 (size before relaxing)
                0x08001864                        __exidx_end = .
                0x08001864                        . = ALIGN (0x4)

.preinit_array  0x08001864        0x0
                0x08001864                        . = ALIGN (0x4)
                0x08001864                        PROVIDE (__preinit_array_start = .)
 *(.preinit_array*)
                0x08001864                        PROVIDE (__preinit_array_end = .)
                0x08001864                        . = ALIGN (0x4)

.init_array     0x08001864        0x4
                0x08001864                        . = ALIGN (0x4)
                0x08001864                        PROVIDE (__init_array_start = .)
 *(SORT_BY_NAME(.init_array.*))
 *(.init_array*)
 .init_array    0x08001864        0x4 /opt/st/stm32cubeide_1.15.0/plugins/com.st.stm32cube.ide.mcu.externaltools.gnu-tools-for-stm32.12.3.rel1.linux64_1.0.100.202403111256/tools/bin/../lib/gcc/arm-none-eabi/12.3.1/thumb/v7e-m/nofp/crtbegin.o
                0x08001868                        PROVIDE (__init_array_end = .)
                0x08001868                        . = ALIGN (0x4)

.fini_array     0x08001868        0x4
                0x08001868                        . = ALIGN (0x4)
                [!provide]                        PROVIDE (__fini_array_start = .)
 *(SORT_BY_NAME(.fini_array.*))
 *(.fini_array*)
 .fini_array    0x08001868        0x4 /opt/st/stm32cubeide_1.15.0/plugins/com.st.stm32cube.ide.mcu.externaltools.gnu-tools-for-stm32.12.3.rel1.linux64_1.0.100.202403111256/tools/bin/../lib/gcc/arm-none-eabi/12.3.1/thumb/v7e-m/nofp/crtbegin.o
                [!provide]                        PROVIDE (__fini_array_end = .)
                0x0800186c                        . = ALIGN (0x4)
                0x0800186c                        _sidata = LOADADDR (.data)

.rel.dyn        0x0800186c        0x0
 .rel.iplt      0x0800186c        0x0 /opt/st/stm32cubeide_1.15.0/plugins/com.st.stm32cube.ide.mcu.externaltools.gnu-tools-for-stm32.12.3.rel1.linux64_1.0.100.202403111256/tools/bin/../lib/gcc/arm-none-eabi/12.3.1/thumb/v7e-m/nofp/crtbegin.o

.data           0x20000000       0x54 load address 0x0800186c
                0x20000000                        . = ALIGN (0x4)
                0x20000000                        _sdata = .
 *(.data)
 *(.data*)
 .data.SystemCoreClock
                0x20000000        0x4 ./Src/system_stm32f4xx.o
                0x20000000                SystemCoreClock
 .data._impure_ptr
                0x20000004        0x4 /opt/st/stm32cubeide_1.15.0/plugins/com.st.stm32cube.ide.mcu.externaltools.gnu-tools-for-stm32.12.3.rel1.linux64_1.0.100.202403111256/tools/bin/../lib/gcc/arm-none-eabi/12.3.1/../../../../arm-none-eabi/lib/thumb/v7e-m/nofp/libc_nano.a(libc_a-impure.o)
                0x20000004                _impure_ptr
 .data._impure_data
                0x20000008       0x4c /opt/st/stm32cubeide_1.15.0/plugins/com.st.stm32cube.ide.mcu.externaltools.gnu-tools-for-stm32.12.3.rel1.linux64_1.0.100.202403111256/tools/bin/../lib/gcc/arm-none-eabi/12.3.1/../../../../arm-none-eabi/lib/thumb/v7e-m/nofp/libc_nano.a(libc_a-impure.o)
                0x20000008                _impure_data
 *(.RamFunc)
 *(.RamFunc*)
                0x20000054                        . = ALIGN (0x4)
                0x20000054                        _edata = .
                0x080018c0                        _siccmram = LOADADDR (.ccmram)

.igot.plt       0x20000054        0x0 load address 0x080018c0
 .igot.plt      0x20000054        0x0 /opt/st/stm32cubeide_1.15.0/plugins/com.st.stm32cube.ide.mcu.externaltools.gnu-tools-for-stm32.12.3.rel1.linux64_1.0.100.202403111256/tools/bin/../lib/gcc/arm-none-eabi/12.3.1/thumb/v7e-m/nofp/crtbegin.o

.ccmram         0x10000000        0x0 load address 0x080018c0
                0x10000000                        . = ALIGN (0x4)
                0x10000000                        _sccmram = .
 *(.ccmram)
 *(.ccmram*)
                0x10000000                        . = ALIGN (0x4)
                0x10000000                        _eccmram = .
                0x10000000                        . = ALIGN (0x4)

.bss            0x20000054      0x168
                0x20000054                        _sbss = .
                0x20000054                        __bss_start__ = _sbss
 *(.bss)
 .bss           0x20000054       0x1c /opt/st/stm32cubeide_1.15.0/plugins/com.st.stm32cube.ide.mcu.externaltools.gnu-tools-for-stm32.12.3.rel1.linux64_1.0.100.202403111256/tools/bin/../lib/gcc/arm-none-eabi/12.3.1/thumb/v7e-m/nofp/crtbegin.o
 *(.bss*)
 .bss.__sbrk_heap_end
                0x20000070        0x4 ./Src/sysmem.o
 .bss.__sf      0x20000074      0x138 /opt/st/stm32cubeide_1.15.0/plugins/com.st.stm32cube.ide.mcu.externaltools.gnu-tools-for-stm32.12.3.rel1.linux64_1.0.100.202403111256/tools/bin/../lib/gcc/arm-none-eabi/12.3.1/../../../../arm-none-eabi/lib/thumb/v7e-m/nofp/libc_nano.a(libc_a-findfp.o)
                0x20000074                __sf
 .bss.errno     0x200001ac        0x4 /opt/st/stm32cubeide_1.15.0/plugins/com.st.stm32cube.ide.mcu.externaltools.gnu-tools-for-stm32.12.3.rel1.linux64_1.0.100.202403111256/tools/bin/../lib/gcc/arm-none-eabi/12.3.1/../../../../arm-none-eabi/lib/thumb/v7e-m/nofp/libc_nano.a(libc_a-reent.o)
                0x200001ac                errno
 .bss.__lock___malloc_recursive_mutex
                0x200001b0        0x1 /opt/st/stm32cubeide_1.15.0/plugins/com.st.stm32cube.ide.mcu.externaltools.gnu-tools-for-stm32.12.3.rel1.linux64_1.0.100.202403111256/tools/bin/../lib/gcc/arm-none-eabi/12.3.1/../../../../arm-none-eabi/lib/thumb/v7e-m/nofp/libc_nano.a(libc_a-lock.o)
                0x200001b0                __lock___malloc_recursive_mutex
 *fill*         0x200001b1        0x3 
 .bss.__malloc_sbrk_start
                0x200001b4        0x4 /opt/st/stm32cubeide_1.15.0/plugins/com.st.stm32cube.ide.mcu.externaltools.gnu-tools-for-stm32.12.3.rel1.linux64_1.0.100.202403111256/tools/bin/../lib/gcc/arm-none-eabi/12.3.1/../../../../arm-none-eabi/lib/thumb/v7e-m/nofp/libc_nano.a(libc_a-mallocr.o)
                0x200001b4                __malloc_sbrk_start
 .bss.__malloc_free_list
                0x200001b8        0x4 /opt/st/stm32cubeide_1.15.0/plugins/com.st.stm32cube.ide.mcu.externaltools.gnu-tools-for-stm32.12.3.rel1.linux64_1.0.100.202403111256/tools/bin/../lib/gcc/arm-none-eabi/12.3.1/../../../../arm-none-eabi/lib/thumb/v7e-m/nofp/libc_nano.a(libc_a-mallocr.o)
                0x200001b8                __malloc_free_list
 *(COMMON)
                0x200001bc                        . = ALIGN (0x4)
                0x200001bc                        _ebss = .
                0x200001bc                        __bss_end__ = _ebss

._user_heap_stack
                0x200001bc      0x604
                0x200001c0                        . = ALIGN (0x8)
 *fill*         0x200001bc        0x4 
                [!provide]                        PROVIDE (end = .)
                0x200001c0                        PROVIDE (_end = .)
                0x200003c0                        . = (. + _Min_Heap_Size)
 *fill*         0x200001c0      0x200 
                0x200007c0                        . = (. + _Min_Stack_Size)
 *fill*         0x200003c0      0x400 
                0x200007c0                        . = ALIGN (0x8)

/DISCARD/
 libc.a(*)
 libm.a(*)
 libgcc.a(*)

.ARM.attributes
                0x00000000       0x2a
 *(.ARM.attributes)
 .ARM.attributes
                0x00000000       0x1e /opt/st/stm32cubeide_1.15.0/plugins/com.st.stm32cube.ide.mcu.externaltools.gnu-tools-for-stm32.12.3.rel1.linux64_1.0.100.202403111256/tools/bin/../lib/gcc/arm-none-eabi/12.3.1/thumb/v7e-m/nofp/crti.o
 .ARM.attributes
                0x0000001e       0x2e /opt/st/stm32cubeide_1.15.0/plugins/com.st.stm32cube.ide.mcu.externaltools.gnu-tools-for-stm32.12.3.rel1.linux64_1.0.100.202403111256/tools/bin/../lib/gcc/arm-none-eabi/12.3.1/thumb/v7e-m/nofp/crtbegin.o
 .ARM.attributes
                0x0000004c       0x2e ./Src/eeprom.o
 .ARM.attributes
                0x0000007a       0x2e ./Src/i2c.o
 .ARM.attributes
                0x000000a8       0x2e ./Src/main.o
 .ARM.attributes
                0x000000d6       0x2e ./Src/sysmem.o
 .ARM.attributes
                0x00000104       0x2e ./Src/system_stm32f4xx.o
 .ARM.attributes
                0x00000132       0x2e ./Src/uart.o
 .ARM.attributes
                0x00000160       0x21 ./Startup/startup_stm32f407vgtx.o
 .ARM.attributes
                0x00000181       0x2e /opt/st/stm32cubeide_1.15.0/plugins/com.st.stm32cube.ide.mcu.externaltools.gnu-tools-for-stm32.12.3.rel1.linux64_1.0.100.202403111256/tools/bin/../lib/gcc/arm-none-eabi/12.3.1/../../../../arm-none-eabi/lib/thumb/v7e-m/nofp/libc_nano.a(libc_a-findfp.o)
 .ARM.attributes
                0x000001af       0x2e /opt/st/stm32cubeide_1.15.0/plugins/com.st.stm32cube.ide.mcu.externaltools.gnu-tools-for-stm32.12.3.rel1.linux64_1.0.100.202403111256/tools/bin/../lib/gcc/arm-none-eabi/12.3.1/../../../../arm-none-eabi/lib/thumb/v7e-m/nofp/libc_nano.a(libc_a-sscanf.o)
 .ARM.attributes
                0x000001dd       0x2e /opt/st/stm32cubeide_1.15.0/plugins/com.st.stm32cube.ide.mcu.externaltools.gnu-tools-for-stm32.12.3.rel1.linux64_1.0.100.202403111256/tools/bin/../lib/gcc/arm-none-eabi/12.3.1/../../../../arm-none-eabi/lib/thumb/v7e-m/nofp/libc_nano.a(libc_a-stdio.o)
 .ARM.attributes
                0x0000020b       0x2e /opt/st/stm32cubeide_1.15.0/plugins/com.st.stm32cube.ide.mcu.externaltools.gnu-tools-for-stm32.12.3.rel1.linux64_1.0.100.202403111256/tools/bin/../lib/gcc/arm-none-eabi/12.3.1/../../../../arm-none-eabi/lib/thumb/v7e-m/nofp/libc_nano.a(libc_a-reent.o)
 .ARM.attributes
                0x00000239       0x2e /opt/st/stm32cubeide_1.15.0/plugins/com.st.stm32cube.ide.mcu.externaltools.gnu-tools-for-stm32.12.3.rel1.linux64_1.0.100.202403111256/tools/bin/../lib/gcc/arm-none-eabi/12.3.1/../../../../arm-none-eabi/lib/thumb/v7e-m/nofp/libc_nano.a(libc_a-impure.o)
 .ARM.attributes
                0x00000267       0x2e /opt/st/stm32cubeide_1.15.0/plugins/com.st.stm32cube.ide.mcu.externaltools.gnu-tools-for-stm32.12.3.rel1.linux64_1.0.100.202403111256/tools/bin/../lib/gcc/arm-none-eabi/12.3.1/../../../../arm-none-eabi/lib/thumb/v7e-m/nofp/libc_nano.a(libc_a-errno.o)
 .ARM.attributes
                0x00000295       0x2e /opt/st/stm32cubeide_1.15.0/plugins/com.st.stm32cube.ide.mcu.externaltools.gnu-tools-for-stm32.12.3.rel1.linux64_1.0.100.202403111256/tools/bin/../lib/gcc/arm-none-eabi/12.3.1/../../../../arm-none-eabi/lib/thumb/v7e-m/nofp/libc_nano.a(libc_a-init.o)
 .ARM.attributes
                0x000002c3       0x2e /opt/st/stm32cubeide_1.15.0/plugins/com.st.stm32cube.ide.mcu.externaltools.gnu-tools-for-stm32.12.3.rel1.linux64_1.0.100.202403111256/tools/bin/../lib/gcc/arm-none-eabi/12.3.1/../../../../arm-none-eabi/lib/thumb/v7e-m/nofp/libc_nano.a(libc_a-lock.o)
 .ARM.attributes
                0x000002f1       0x17 /opt/st/stm32cubeide_1.15.0/plugins/com.st.stm32cube.ide.mcu.externaltools.gnu-tools-for-stm32.12.3.rel1.linux64_1.0.100.202403111256/tools/bin/../lib/gcc/arm-none-eabi/12.3.1/../../../../arm-none-eabi/lib/thumb/v7e-m/nofp/libc_nano.a(libc_a-strlen.o)
 .ARM.attributes
                0x00000308       0x2e /opt/st/stm32cubeide_1.15.0/plugins/com.st.stm32cube.ide.mcu.externaltools.gnu-tools-for-stm32.12.3.rel1.linux64_1.0.100.202403111256/tools/bin/../lib/gcc/arm-none-eabi/12.3.1/../../../../arm-none-eabi/lib/thumb/v7e-m/nofp/libc_nano.a(libc_a-freer.o)
 .ARM.attributes
                0x00000336       0x2e /opt/st/stm32cubeide_1.15.0/plugins/com.st.stm32cube.ide.mcu.externaltools.gnu-tools-for-stm32.12.3.rel1.linux64_1.0.100.202403111256/tools/bin/../lib/gcc/arm-none-eabi/12.3.1/../../../../arm-none-eabi/lib/thumb/v7e-m/nofp/libc_nano.a(libc_a-mallocr.o)
 .ARM.attributes
                0x00000364       0x2e /opt/st/stm32cubeide_1.15.0/plugins/com.st.stm32cube.ide.mcu.externaltools.gnu-tools-for-stm32.12.3.rel1.linux64_1.0.100.202403111256/tools/bin/../lib/gcc/arm-none-eabi/12.3.1/../../../../arm-none-eabi/lib/thumb/v7e-m/nofp/libc_nano.a(libc_a-mlock.o)
 .ARM.attributes
                0x00000392       0x2e /opt/st/stm32cubeide_1.15.0/plugins/com.st.stm32cube.ide.mcu.externaltools.gnu-tools-for-stm32.12.3.rel1.linux64_1.0.100.202403111256/tools/bin/../lib/gcc/arm-none-eabi/12.3.1/../../../../arm-none-eabi/lib/thumb/v7e-m/nofp/libc_nano.a(libc_a-nano-svfscanf.o)
 .ARM.attributes
                0x000003c0       0x2e /opt/st/stm32cubeide_1.15.0/plugins/com.st.stm32cube.ide.mcu.externaltools.gnu-tools-for-stm32.12.3.rel1.linux64_1.0.100.202403111256/tools/bin/../lib/gcc/arm-none-eabi/12.3.1/../../../../arm-none-eabi/lib/thumb/v7e-m/nofp/libc_nano.a(libc_a-nano-vfscanf_i.o)
 .ARM.attributes
                0x000003ee       0x2e /opt/st/stm32cubeide_1.15.0/plugins/com.st.stm32cube.ide.mcu.externaltools.gnu-tools-for-stm32.12.3.rel1.linux64_1.0.100.202403111256/tools/bin/../lib/gcc/arm-none-eabi/12.3.1/../../../../arm-none-eabi/lib/thumb/v7e-m/nofp/libc_nano.a(libc_a-sccl.o)
 .ARM.attributes
                0x0000041c       0x2e /opt/st/stm32cubeide_1.15.0/plugins/com.st.stm32cube.ide.mcu.externaltools.gnu-tools-for-stm32.12.3.rel1.linux64_1.0.100.202403111256/tools/bin/../lib/gcc/arm-none-eabi/12.3.1/../../../../arm-none-eabi/lib/thumb/v7e-m/nofp/libc_nano.a(libc_a-ungetc.o)
 .ARM.attributes
                0x0000044a       0x2e /opt/st/stm32cubeide_1.15.0/plugins/com.st.stm32cube.ide.mcu.externaltools.gnu-tools-for-stm32.12.3.rel1.linux64_1.0.100.202403111256/tools/bin/../lib/gcc/arm-none-eabi/12.3.1/../../../../arm-none-eabi/lib/thumb/v7e-m/nofp/libc_nano.a(libc_a-sbrkr.o)
 .ARM.attributes
                0x00000478       0x1c /opt/st/stm32cubeide_1.15.0/plugins/com.st.stm32cube.ide.mcu.externaltools.gnu-tools-for-stm32.12.3.rel1.linux64_1.0.100.202403111256/tools/bin/../lib/gcc/arm-none-eabi/12.3.1/../../../../arm-none-eabi/lib/thumb/v7e-m/nofp/libc_nano.a(libc_a-memchr.o)
 .ARM.attributes
                0x00000494       0x2e /opt/st/stm32cubeide_1.15.0/plugins/com.st.stm32cube.ide.mcu.externaltools.gnu-tools-for-stm32.12.3.rel1.linux64_1.0.100.202403111256/tools/bin/../lib/gcc/arm-none-eabi/12.3.1/../../../../arm-none-eabi/lib/thumb/v7e-m/nofp/libc_nano.a(libc_a-memcpy-stub.o)
 .ARM.attributes
                0x000004c2       0x2e /opt/st/stm32cubeide_1.15.0/plugins/com.st.stm32cube.ide.mcu.externaltools.gnu-tools-for-stm32.12.3.rel1.linux64_1.0.100.202403111256/tools/bin/../lib/gcc/arm-none-eabi/12.3.1/../../../../arm-none-eabi/lib/thumb/v7e-m/nofp/libc_nano.a(libc_a-reallocr.o)
 .ARM.attributes
                0x000004f0       0x2e /opt/st/stm32cubeide_1.15.0/plugins/com.st.stm32cube.ide.mcu.externaltools.gnu-tools-for-stm32.12.3.rel1.linux64_1.0.100.202403111256/tools/bin/../lib/gcc/arm-none-eabi/12.3.1/../../../../arm-none-eabi/lib/thumb/v7e-m/nofp/libc_nano.a(libc_a-strtol.o)
 .ARM.attributes
                0x0000051e       0x2e /opt/st/stm32cubeide_1.15.0/plugins/com.st.stm32cube.ide.mcu.externaltools.gnu-tools-for-stm32.12.3.rel1.linux64_1.0.100.202403111256/tools/bin/../lib/gcc/arm-none-eabi/12.3.1/../../../../arm-none-eabi/lib/thumb/v7e-m/nofp/libc_nano.a(libc_a-strtoul.o)
 .ARM.attributes
                0x0000054c       0x2e /opt/st/stm32cubeide_1.15.0/plugins/com.st.stm32cube.ide.mcu.externaltools.gnu-tools-for-stm32.12.3.rel1.linux64_1.0.100.202403111256/tools/bin/../lib/gcc/arm-none-eabi/12.3.1/../../../../arm-none-eabi/lib/thumb/v7e-m/nofp/libc_nano.a(libc_a-ctype_.o)
 .ARM.attributes
                0x0000057a       0x2e /opt/st/stm32cubeide_1.15.0/plugins/com.st.stm32cube.ide.mcu.externaltools.gnu-tools-for-stm32.12.3.rel1.linux64_1.0.100.202403111256/tools/bin/../lib/gcc/arm-none-eabi/12.3.1/../../../../arm-none-eabi/lib/thumb/v7e-m/nofp/libc_nano.a(libc_a-msizer.o)
 .ARM.attributes
                0x000005a8       0x1e /opt/st/stm32cubeide_1.15.0/plugins/com.st.stm32cube.ide.mcu.externaltools.gnu-tools-for-stm32.12.3.rel1.linux64_1.0.100.202403111256/tools/bin/../lib/gcc/arm-none-eabi/12.3.1/thumb/v7e-m/nofp/crtn.o
OUTPUT(I2C.elf elf32-littlearm)
LOAD linker stubs
LOAD /opt/st/stm32cubeide_1.15.0/plugins/com.st.stm32cube.ide.mcu.externaltools.gnu-tools-for-stm32.12.3.rel1.linux64_1.0.100.202403111256/tools/bin/../lib/gcc/arm-none-eabi/12.3.1/../../../../arm-none-eabi/lib/thumb/v7e-m/nofp/libc.a
LOAD /opt/st/stm32cubeide_1.15.0/plugins/com.st.stm32cube.ide.mcu.externaltools.gnu-tools-for-stm32.12.3.rel1.linux64_1.0.100.202403111256/tools/bin/../lib/gcc/arm-none-eabi/12.3.1/../../../../arm-none-eabi/lib/thumb/v7e-m/nofp/libm.a
LOAD /opt/st/stm32cubeide_1.15.0/plugins/com.st.stm32cube.ide.mcu.externaltools.gnu-tools-for-stm32.12.3.rel1.linux64_1.0.100.202403111256/tools/bin/../lib/gcc/arm-none-eabi/12.3.1/thumb/v7e-m/nofp/libgcc.a

.debug_info     0x00000000     0x150f
 .debug_info    0x00000000      0x214 ./Src/eeprom.o
 .debug_info    0x00000214      0x644 ./Src/i2c.o
 .debug_info    0x00000858      0x1d3 ./Src/main.o
 .debug_info    0x00000a2b      0x168 ./Src/sysmem.o
 .debug_info    0x00000b93      0x53c ./Src/system_stm32f4xx.o
 .debug_info    0x000010cf      0x410 ./Src/uart.o
 .debug_info    0x000014df       0x30 ./Startup/startup_stm32f407vgtx.o

.debug_abbrev   0x00000000      0x71a
 .debug_abbrev  0x00000000      0x132 ./Src/eeprom.o
 .debug_abbrev  0x00000132      0x17f ./Src/i2c.o
 .debug_abbrev  0x000002b1       0xe8 ./Src/main.o
 .debug_abbrev  0x00000399       0xbc ./Src/sysmem.o
 .debug_abbrev  0x00000455      0x158 ./Src/system_stm32f4xx.o
 .debug_abbrev  0x000005ad      0x149 ./Src/uart.o
 .debug_abbrev  0x000006f6       0x24 ./Startup/startup_stm32f407vgtx.o

.debug_aranges  0x00000000      0x178
 .debug_aranges
                0x00000000       0x30 ./Src/eeprom.o
 .debug_aranges
                0x00000030       0x68 ./Src/i2c.o
 .debug_aranges
                0x00000098       0x20 ./Src/main.o
 .debug_aranges
                0x000000b8       0x20 ./Src/sysmem.o
 .debug_aranges
                0x000000d8       0x38 ./Src/system_stm32f4xx.o
 .debug_aranges
                0x00000110       0x40 ./Src/uart.o
 .debug_aranges
                0x00000150       0x28 ./Startup/startup_stm32f407vgtx.o

.debug_rnglists
                0x00000000       0xfb
 .debug_rnglists
                0x00000000       0x1f ./Src/eeprom.o
 .debug_rnglists
                0x0000001f       0x4a ./Src/i2c.o
 .debug_rnglists
                0x00000069       0x14 ./Src/main.o
 .debug_rnglists
                0x0000007d       0x13 ./Src/sysmem.o
 .debug_rnglists
                0x00000090       0x26 ./Src/system_stm32f4xx.o
 .debug_rnglists
                0x000000b6       0x2c ./Src/uart.o
 .debug_rnglists
                0x000000e2       0x19 ./Startup/startup_stm32f407vgtx.o

.debug_macro    0x00000000    0x19433
 .debug_macro   0x00000000       0xeb ./Src/eeprom.o
 .debug_macro   0x000000eb      0xab4 ./Src/eeprom.o
 .debug_macro   0x00000b9f       0x2e ./Src/eeprom.o
 .debug_macro   0x00000bcd       0x2f ./Src/eeprom.o
 .debug_macro   0x00000bfc       0x22 ./Src/eeprom.o
 .debug_macro   0x00000c1e       0x8e ./Src/eeprom.o
 .debug_macro   0x00000cac       0x51 ./Src/eeprom.o
 .debug_macro   0x00000cfd      0x103 ./Src/eeprom.o
 .debug_macro   0x00000e00       0x6a ./Src/eeprom.o
 .debug_macro   0x00000e6a      0x1df ./Src/eeprom.o
 .debug_macro   0x00001049       0x1c ./Src/eeprom.o
 .debug_macro   0x00001065       0x22 ./Src/eeprom.o
 .debug_macro   0x00001087       0xd9 ./Src/eeprom.o
 .debug_macro   0x00001160     0x102d ./Src/eeprom.o
 .debug_macro   0x0000218d      0x11f ./Src/eeprom.o
 .debug_macro   0x000022ac       0x11 ./Src/eeprom.o
 .debug_macro   0x000022bd    0x15e3c ./Src/eeprom.o
 .debug_macro   0x000180f9       0x4a ./Src/eeprom.o
 .debug_macro   0x00018143       0x10 ./Src/eeprom.o
 .debug_macro   0x00018153       0x10 ./Src/eeprom.o
 .debug_macro   0x00018163       0xdc ./Src/i2c.o
 .debug_macro   0x0001823f      0x1d9 ./Src/main.o
 .debug_macro   0x00018418       0x61 ./Src/main.o
 .debug_macro   0x00018479       0x24 ./Src/main.o
 .debug_macro   0x0001849d       0x43 ./Src/main.o
 .debug_macro   0x000184e0       0x34 ./Src/main.o
 .debug_macro   0x00018514       0x16 ./Src/main.o
 .debug_macro   0x0001852a       0x9e ./Src/main.o
 .debug_macro   0x000185c8      0x369 ./Src/main.o
 .debug_macro   0x00018931      0x10b ./Src/main.o
 .debug_macro   0x00018a3c       0x10 ./Src/main.o
 .debug_macro   0x00018a4c       0x16 ./Src/main.o
 .debug_macro   0x00018a62       0x43 ./Src/main.o
 .debug_macro   0x00018aa5       0x34 ./Src/main.o
 .debug_macro   0x00018ad9       0x10 ./Src/main.o
 .debug_macro   0x00018ae9       0x58 ./Src/main.o
 .debug_macro   0x00018b41       0x8e ./Src/main.o
 .debug_macro   0x00018bcf       0x1c ./Src/main.o
 .debug_macro   0x00018beb      0x177 ./Src/main.o
 .debug_macro   0x00018d62       0x16 ./Src/main.o
 .debug_macro   0x00018d78       0x16 ./Src/main.o
 .debug_macro   0x00018d8e      0x146 ./Src/main.o
 .debug_macro   0x00018ed4       0x2e ./Src/main.o
 .debug_macro   0x00018f02       0xff ./Src/sysmem.o
 .debug_macro   0x00019001      0x23c ./Src/sysmem.o
 .debug_macro   0x0001923d       0xe0 ./Src/system_stm32f4xx.o
 .debug_macro   0x0001931d       0xee ./Src/uart.o
 .debug_macro   0x0001940b       0x28 ./Src/uart.o

.debug_line     0x00000000     0x1fd3
 .debug_line    0x00000000      0x4a2 ./Src/eeprom.o
 .debug_line    0x000004a2      0x672 ./Src/i2c.o
 .debug_line    0x00000b14      0x577 ./Src/main.o
 .debug_line    0x0000108b      0x4b3 ./Src/sysmem.o
 .debug_line    0x0000153e      0x4d6 ./Src/system_stm32f4xx.o
 .debug_line    0x00001a14      0x544 ./Src/uart.o
 .debug_line    0x00001f58       0x7b ./Startup/startup_stm32f407vgtx.o

.debug_str      0x00000000    0x8bdc5
 .debug_str     0x00000000    0x87aa5 ./Src/eeprom.o
                              0x87c1b (size before relaxing)
 .debug_str     0x00087aa5      0x21a ./Src/i2c.o
                              0x87dd2 (size before relaxing)
 .debug_str     0x00087cbf     0x3aa7 ./Src/main.o
                              0x8b6c1 (size before relaxing)
 .debug_str     0x0008b766      0x4d7 ./Src/sysmem.o
                               0x609a (size before relaxing)
 .debug_str     0x0008bc3d       0xee ./Src/system_stm32f4xx.o
                              0x87db7 (size before relaxing)
 .debug_str     0x0008bd2b       0x5b ./Src/uart.o
                              0x87d38 (size before relaxing)
 .debug_str     0x0008bd86       0x3f ./Startup/startup_stm32f407vgtx.o
                                 0x77 (size before relaxing)

.comment        0x00000000       0x43
 .comment       0x00000000       0x43 ./Src/eeprom.o
                                 0x44 (size before relaxing)
 .comment       0x00000043       0x44 ./Src/i2c.o
 .comment       0x00000043       0x44 ./Src/main.o
 .comment       0x00000043       0x44 ./Src/sysmem.o
 .comment       0x00000043       0x44 ./Src/system_stm32f4xx.o
 .comment       0x00000043       0x44 ./Src/uart.o

.debug_frame    0x00000000      0xac4
 .debug_frame   0x00000000       0x80 ./Src/eeprom.o
 .debug_frame   0x00000080      0x178 ./Src/i2c.o
 .debug_frame   0x000001f8       0x34 ./Src/main.o
 .debug_frame   0x0000022c       0x34 ./Src/sysmem.o
 .debug_frame   0x00000260       0x84 ./Src/system_stm32f4xx.o
 .debug_frame   0x000002e4       0xd0 ./Src/uart.o
 .debug_frame   0x000003b4      0x144 /opt/st/stm32cubeide_1.15.0/plugins/com.st.stm32cube.ide.mcu.externaltools.gnu-tools-for-stm32.12.3.rel1.linux64_1.0.100.202403111256/tools/bin/../lib/gcc/arm-none-eabi/12.3.1/../../../../arm-none-eabi/lib/thumb/v7e-m/nofp/libc_nano.a(libc_a-findfp.o)
 .debug_frame   0x000004f8       0x80 /opt/st/stm32cubeide_1.15.0/plugins/com.st.stm32cube.ide.mcu.externaltools.gnu-tools-for-stm32.12.3.rel1.linux64_1.0.100.202403111256/tools/bin/../lib/gcc/arm-none-eabi/12.3.1/../../../../arm-none-eabi/lib/thumb/v7e-m/nofp/libc_nano.a(libc_a-sscanf.o)
 .debug_frame   0x00000578       0x88 /opt/st/stm32cubeide_1.15.0/plugins/com.st.stm32cube.ide.mcu.externaltools.gnu-tools-for-stm32.12.3.rel1.linux64_1.0.100.202403111256/tools/bin/../lib/gcc/arm-none-eabi/12.3.1/../../../../arm-none-eabi/lib/thumb/v7e-m/nofp/libc_nano.a(libc_a-stdio.o)
 .debug_frame   0x00000600       0x38 /opt/st/stm32cubeide_1.15.0/plugins/com.st.stm32cube.ide.mcu.externaltools.gnu-tools-for-stm32.12.3.rel1.linux64_1.0.100.202403111256/tools/bin/../lib/gcc/arm-none-eabi/12.3.1/../../../../arm-none-eabi/lib/thumb/v7e-m/nofp/libc_nano.a(libc_a-reent.o)
 .debug_frame   0x00000638       0x20 /opt/st/stm32cubeide_1.15.0/plugins/com.st.stm32cube.ide.mcu.externaltools.gnu-tools-for-stm32.12.3.rel1.linux64_1.0.100.202403111256/tools/bin/../lib/gcc/arm-none-eabi/12.3.1/../../../../arm-none-eabi/lib/thumb/v7e-m/nofp/libc_nano.a(libc_a-errno.o)
 .debug_frame   0x00000658       0x2c /opt/st/stm32cubeide_1.15.0/plugins/com.st.stm32cube.ide.mcu.externaltools.gnu-tools-for-stm32.12.3.rel1.linux64_1.0.100.202403111256/tools/bin/../lib/gcc/arm-none-eabi/12.3.1/../../../../arm-none-eabi/lib/thumb/v7e-m/nofp/libc_nano.a(libc_a-init.o)
 .debug_frame   0x00000684       0xb0 /opt/st/stm32cubeide_1.15.0/plugins/com.st.stm32cube.ide.mcu.externaltools.gnu-tools-for-stm32.12.3.rel1.linux64_1.0.100.202403111256/tools/bin/../lib/gcc/arm-none-eabi/12.3.1/../../../../arm-none-eabi/lib/thumb/v7e-m/nofp/libc_nano.a(libc_a-lock.o)
 .debug_frame   0x00000734       0x38 /opt/st/stm32cubeide_1.15.0/plugins/com.st.stm32cube.ide.mcu.externaltools.gnu-tools-for-stm32.12.3.rel1.linux64_1.0.100.202403111256/tools/bin/../lib/gcc/arm-none-eabi/12.3.1/../../../../arm-none-eabi/lib/thumb/v7e-m/nofp/libc_nano.a(libc_a-freer.o)
 .debug_frame   0x0000076c       0x50 /opt/st/stm32cubeide_1.15.0/plugins/com.st.stm32cube.ide.mcu.externaltools.gnu-tools-for-stm32.12.3.rel1.linux64_1.0.100.202403111256/tools/bin/../lib/gcc/arm-none-eabi/12.3.1/../../../../arm-none-eabi/lib/thumb/v7e-m/nofp/libc_nano.a(libc_a-mallocr.o)
 .debug_frame   0x000007bc       0x30 /opt/st/stm32cubeide_1.15.0/plugins/com.st.stm32cube.ide.mcu.externaltools.gnu-tools-for-stm32.12.3.rel1.linux64_1.0.100.202403111256/tools/bin/../lib/gcc/arm-none-eabi/12.3.1/../../../../arm-none-eabi/lib/thumb/v7e-m/nofp/libc_nano.a(libc_a-mlock.o)
 .debug_frame   0x000007ec       0x74 /opt/st/stm32cubeide_1.15.0/plugins/com.st.stm32cube.ide.mcu.externaltools.gnu-tools-for-stm32.12.3.rel1.linux64_1.0.100.202403111256/tools/bin/../lib/gcc/arm-none-eabi/12.3.1/../../../../arm-none-eabi/lib/thumb/v7e-m/nofp/libc_nano.a(libc_a-nano-svfscanf.o)
 .debug_frame   0x00000860       0x64 /opt/st/stm32cubeide_1.15.0/plugins/com.st.stm32cube.ide.mcu.externaltools.gnu-tools-for-stm32.12.3.rel1.linux64_1.0.100.202403111256/tools/bin/../lib/gcc/arm-none-eabi/12.3.1/../../../../arm-none-eabi/lib/thumb/v7e-m/nofp/libc_nano.a(libc_a-nano-vfscanf_i.o)
 .debug_frame   0x000008c4       0x2c /opt/st/stm32cubeide_1.15.0/plugins/com.st.stm32cube.ide.mcu.externaltools.gnu-tools-for-stm32.12.3.rel1.linux64_1.0.100.202403111256/tools/bin/../lib/gcc/arm-none-eabi/12.3.1/../../../../arm-none-eabi/lib/thumb/v7e-m/nofp/libc_nano.a(libc_a-sccl.o)
 .debug_frame   0x000008f0       0x5c /opt/st/stm32cubeide_1.15.0/plugins/com.st.stm32cube.ide.mcu.externaltools.gnu-tools-for-stm32.12.3.rel1.linux64_1.0.100.202403111256/tools/bin/../lib/gcc/arm-none-eabi/12.3.1/../../../../arm-none-eabi/lib/thumb/v7e-m/nofp/libc_nano.a(libc_a-ungetc.o)
 .debug_frame   0x0000094c       0x2c /opt/st/stm32cubeide_1.15.0/plugins/com.st.stm32cube.ide.mcu.externaltools.gnu-tools-for-stm32.12.3.rel1.linux64_1.0.100.202403111256/tools/bin/../lib/gcc/arm-none-eabi/12.3.1/../../../../arm-none-eabi/lib/thumb/v7e-m/nofp/libc_nano.a(libc_a-sbrkr.o)
 .debug_frame   0x00000978       0x28 /opt/st/stm32cubeide_1.15.0/plugins/com.st.stm32cube.ide.mcu.externaltools.gnu-tools-for-stm32.12.3.rel1.linux64_1.0.100.202403111256/tools/bin/../lib/gcc/arm-none-eabi/12.3.1/../../../../arm-none-eabi/lib/thumb/v7e-m/nofp/libc_nano.a(libc_a-memcpy-stub.o)
 .debug_frame   0x000009a0       0x3c /opt/st/stm32cubeide_1.15.0/plugins/com.st.stm32cube.ide.mcu.externaltools.gnu-tools-for-stm32.12.3.rel1.linux64_1.0.100.202403111256/tools/bin/../lib/gcc/arm-none-eabi/12.3.1/../../../../arm-none-eabi/lib/thumb/v7e-m/nofp/libc_nano.a(libc_a-reallocr.o)
 .debug_frame   0x000009dc       0x64 /opt/st/stm32cubeide_1.15.0/plugins/com.st.stm32cube.ide.mcu.externaltools.gnu-tools-for-stm32.12.3.rel1.linux64_1.0.100.202403111256/tools/bin/../lib/gcc/arm-none-eabi/12.3.1/../../../../arm-none-eabi/lib/thumb/v7e-m/nofp/libc_nano.a(libc_a-strtol.o)
 .debug_frame   0x00000a40       0x64 /opt/st/stm32cubeide_1.15.0/plugins/com.st.stm32cube.ide.mcu.externaltools.gnu-tools-for-stm32.12.3.rel1.linux64_1.0.100.202403111256/tools/bin/../lib/gcc/arm-none-eabi/12.3.1/../../../../arm-none-eabi/lib/thumb/v7e-m/nofp/libc_nano.a(libc_a-strtoul.o)
 .debug_frame   0x00000aa4       0x20 /opt/st/stm32cubeide_1.15.0/plugins/com.st.stm32cube.ide.mcu.externaltools.gnu-tools-for-stm32.12.3.rel1.linux64_1.0.100.202403111256/tools/bin/../lib/gcc/arm-none-eabi/12.3.1/../../../../arm-none-eabi/lib/thumb/v7e-m/nofp/libc_nano.a(libc_a-msizer.o)

.debug_loclists
                0x00000000       0x1f
 .debug_loclists
                0x00000000       0x1f ./Src/system_stm32f4xx.o

.debug_line_str
                0x00000000       0x5b
 .debug_line_str
                0x00000000       0x5b ./Startup/startup_stm32f407vgtx.o
